127.0.0.1 - - [26/Oct/2022:09:22:07 +0530] "GET / HTTP/1.1" 404 751
0:0:0:0:0:0:0:1 - - [26/Oct/2022:09:22:08 +0530] "GET /web_app_demo_9/userData HTTP/1.1" 200 7
127.0.0.1 - - [26/Oct/2022:09:26:10 +0530] "GET / HTTP/1.1" 404 751
0:0:0:0:0:0:0:1 - - [26/Oct/2022:09:26:11 +0530] "GET /web_app_demo_9/userData HTTP/1.1" 200 42
127.0.0.1 - - [26/Oct/2022:09:27:44 +0530] "GET / HTTP/1.1" 404 751
0:0:0:0:0:0:0:1 - - [26/Oct/2022:09:27:45 +0530] "GET /web_app_demo_9/userData HTTP/1.1" 200 43
127.0.0.1 - - [26/Oct/2022:09:35:13 +0530] "GET / HTTP/1.1" 404 751
0:0:0:0:0:0:0:1 - - [26/Oct/2022:09:35:13 +0530] "GET /web_app_demo_9/userData HTTP/1.1" 200 64
127.0.0.1 - - [26/Oct/2022:09:36:26 +0530] "GET / HTTP/1.1" 404 751
0:0:0:0:0:0:0:1 - - [26/Oct/2022:09:36:26 +0530] "GET /web_app_demo_9/userData HTTP/1.1" 200 53
127.0.0.1 - - [26/Oct/2022:09:37:47 +0530] "GET / HTTP/1.1" 404 751
0:0:0:0:0:0:0:1 - - [26/Oct/2022:09:37:47 +0530] "GET /web_app_demo_9/userData HTTP/1.1" 200 53
127.0.0.1 - - [26/Oct/2022:10:01:47 +0530] "GET / HTTP/1.1" 404 751
127.0.0.1 - - [26/Oct/2022:10:02:28 +0530] "GET / HTTP/1.1" 404 751
0:0:0:0:0:0:0:1 - - [26/Oct/2022:10:02:28 +0530] "GET /web_app_demo_10/userData HTTP/1.1" 200 -
127.0.0.1 - - [26/Oct/2022:10:07:27 +0530] "GET / HTTP/1.1" 404 751
0:0:0:0:0:0:0:1 - - [26/Oct/2022:10:07:28 +0530] "GET /web_app_demo_10/userData HTTP/1.1" 200 -
127.0.0.1 - - [26/Oct/2022:10:38:52 +0530] "GET / HTTP/1.1" 404 751
0:0:0:0:0:0:0:1 - - [26/Oct/2022:10:38:53 +0530] "GET /web_app_demo_10/userData HTTP/1.1" 200 479
127.0.0.1 - - [26/Oct/2022:10:48:26 +0530] "GET / HTTP/1.1" 404 751
0:0:0:0:0:0:0:1 - - [26/Oct/2022:10:48:27 +0530] "GET /web_app_demo_10/userData HTTP/1.1" 200 591
0:0:0:0:0:0:0:1 - - [26/Oct/2022:10:53:45 +0530] "GET /web_app_demo_10/index.html HTTP/1.1" 200 172
0:0:0:0:0:0:0:1 - - [26/Oct/2022:10:53:50 +0530] "GET /web_app_demo_10/userData HTTP/1.1" 200 591
127.0.0.1 - - [26/Oct/2022:11:33:22 +0530] "GET / HTTP/1.1" 404 751
0:0:0:0:0:0:0:1 - - [26/Oct/2022:11:33:23 +0530] "GET /web_app_demo_11/index.html HTTP/1.1" 200 245
0:0:0:0:0:0:0:1 - - [26/Oct/2022:11:33:45 +0530] "POST /web_app_demo_11/index.html HTTP/1.1" 200 245
127.0.0.1 - - [26/Oct/2022:12:00:05 +0530] "GET / HTTP/1.1" 404 751
0:0:0:0:0:0:0:1 - - [26/Oct/2022:12:00:06 +0530] "GET /web_app_demo_11/index.html HTTP/1.1" 200 259
0:0:0:0:0:0:0:1 - - [26/Oct/2022:12:00:30 +0530] "POST /web_app_demo_11/FirstServlates HTTP/1.1" 200 6
127.0.0.1 - - [26/Oct/2022:12:22:39 +0530] "GET / HTTP/1.1" 404 751
0:0:0:0:0:0:0:1 - - [26/Oct/2022:12:22:51 +0530] "GET /web_app_demo_11/index.html HTTP/1.1" 304 -
0:0:0:0:0:0:0:1 - - [26/Oct/2022:12:22:59 +0530] "POST /web_app_demo_11/FirstServlates HTTP/1.1" 200 6
127.0.0.1 - - [26/Oct/2022:12:46:24 +0530] "GET / HTTP/1.1" 404 751
0:0:0:0:0:0:0:1 - - [26/Oct/2022:12:46:25 +0530] "GET /web_app_demo_12/index.html HTTP/1.1" 200 315
127.0.0.1 - - [26/Oct/2022:13:05:49 +0530] "GET / HTTP/1.1" 404 751
0:0:0:0:0:0:0:1 - - [26/Oct/2022:13:05:49 +0530] "GET /web_app_demo_12/index.html HTTP/1.1" 200 328
0:0:0:0:0:0:0:1 - - [26/Oct/2022:13:07:07 +0530] "POST /web_app_demo_12/loginservlate HTTP/1.1" 200 -
127.0.0.1 - - [26/Oct/2022:15:26:21 +0530] "GET / HTTP/1.1" 404 751
0:0:0:0:0:0:0:1 - - [26/Oct/2022:15:26:22 +0530] "GET /web_app_demo_12/index.html HTTP/1.1" 304 -
0:0:0:0:0:0:0:1 - - [26/Oct/2022:15:26:48 +0530] "POST /web_app_demo_12/loginservlate HTTP/1.1" 200 -
127.0.0.1 - - [26/Oct/2022:15:49:32 +0530] "GET / HTTP/1.1" 404 751
0:0:0:0:0:0:0:1 - - [26/Oct/2022:15:49:33 +0530] "GET /web_app_demo_12/index.html HTTP/1.1" 200 332
0:0:0:0:0:0:0:1 - - [26/Oct/2022:15:50:01 +0530] "POST /web_app_demo_12/loginservlate HTTP/1.1" 404 803
127.0.0.1 - - [26/Oct/2022:15:53:16 +0530] "GET / HTTP/1.1" 404 751
0:0:0:0:0:0:0:1 - - [26/Oct/2022:15:53:17 +0530] "GET /web_app_demo_12/index.html HTTP/1.1" 304 -
0:0:0:0:0:0:0:1 - - [26/Oct/2022:15:54:01 +0530] "POST /web_app_demo_12/loginservlate HTTP/1.1" 404 805
127.0.0.1 - - [26/Oct/2022:16:02:27 +0530] "GET / HTTP/1.1" 404 751
0:0:0:0:0:0:0:1 - - [26/Oct/2022:16:02:28 +0530] "GET /web_app_demo_12/index.html HTTP/1.1" 304 -
0:0:0:0:0:0:0:1 - - [26/Oct/2022:16:03:58 +0530] "POST /web_app_demo_12/loginservlate HTTP/1.1" 404 805
127.0.0.1 - - [26/Oct/2022:16:06:27 +0530] "GET / HTTP/1.1" 404 751
0:0:0:0:0:0:0:1 - - [26/Oct/2022:16:06:28 +0530] "GET /web_app_demo_12/index.html HTTP/1.1" 304 -
0:0:0:0:0:0:0:1 - - [26/Oct/2022:16:06:50 +0530] "POST /web_app_demo_12/loginservlate HTTP/1.1" 200 -
127.0.0.1 - - [26/Oct/2022:16:07:56 +0530] "GET / HTTP/1.1" 404 751
0:0:0:0:0:0:0:1 - - [26/Oct/2022:16:09:29 +0530] "POST /web_app_demo_12/loginservlate HTTP/1.1" 200 150
127.0.0.1 - - [26/Oct/2022:18:59:04 +0530] "GET / HTTP/1.1" 404 751
0:0:0:0:0:0:0:1 - - [26/Oct/2022:18:59:05 +0530] "GET /web_app_demo_13/index.html HTTP/1.1" 200 256
0:0:0:0:0:0:0:1 - - [26/Oct/2022:18:59:42 +0530] "POST /web_app_demo_13/firstServlate HTTP/1.1" 404 784
127.0.0.1 - - [26/Oct/2022:19:29:20 +0530] "GET / HTTP/1.1" 404 751
0:0:0:0:0:0:0:1 - - [26/Oct/2022:19:29:21 +0530] "GET /web_app_demo_13/index.html HTTP/1.1" 304 -
0:0:0:0:0:0:0:1 - - [26/Oct/2022:19:29:42 +0530] "POST /web_app_demo_13/firstServlate HTTP/1.1" 200 32
127.0.0.1 - - [26/Oct/2022:19:55:27 +0530] "GET / HTTP/1.1" 404 751
0:0:0:0:0:0:0:1 - - [26/Oct/2022:19:55:28 +0530] "GET /web_app_demo_13/index.html HTTP/1.1" 304 -
0:0:0:0:0:0:0:1 - - [26/Oct/2022:19:55:40 +0530] "POST /web_app_demo_13/firstServlate HTTP/1.1" 200 -
127.0.0.1 - - [26/Oct/2022:20:04:33 +0530] "GET / HTTP/1.1" 404 751
0:0:0:0:0:0:0:1 - - [26/Oct/2022:20:04:33 +0530] "GET /web_app_demo_13/index.html HTTP/1.1" 304 -
0:0:0:0:0:0:0:1 - - [26/Oct/2022:20:05:03 +0530] "POST /web_app_demo_13/firstServlate HTTP/1.1" 200 -
127.0.0.1 - - [26/Oct/2022:20:05:55 +0530] "GET / HTTP/1.1" 404 751
0:0:0:0:0:0:0:1 - - [26/Oct/2022:20:06:09 +0530] "POST /web_app_demo_13/firstServlate HTTP/1.1" 200 22
127.0.0.1 - - [26/Oct/2022:20:18:21 +0530] "GET / HTTP/1.1" 404 751
0:0:0:0:0:0:0:1 - - [26/Oct/2022:20:18:22 +0530] "GET /web_app_demo_13/index.html HTTP/1.1" 304 -
0:0:0:0:0:0:0:1 - - [26/Oct/2022:20:18:51 +0530] "POST /web_app_demo_13/firstServlate HTTP/1.1" 500 55
127.0.0.1 - - [26/Oct/2022:20:20:09 +0530] "GET / HTTP/1.1" 404 751
0:0:0:0:0:0:0:1 - - [26/Oct/2022:20:20:42 +0530] "POST /web_app_demo_13/firstServlate HTTP/1.1" 200 42
